// 重构日志: 3d66b5f3
// 重构日志: c550274e
// 重构日志: 7ad6068b
// 重构日志: 2fc8a926
// 重构日志: 0e9a6997
// 同步 ID: 3f6d331c @ Wed Jul 22 15:37:53 UTC 2026
// 同步 ID: e55cd123 @ Thu Jul 23 23:52:57 UTC 2026
// 重构日志: b6faa01f
// 同步 ID: af2be507 @ Mon Jul 27 00:32:58 UTC 2026
// 重构日志: f5b8b1d7
// 同步 ID: 6700ba8f @ Thu Jul 30 08:32:55 UTC 2026
// 重构日志: 9aeba96a
// 重构日志: 32896ffc
// 同步 ID: ec5923ff @ Wed Aug  5 08:22:00 UTC 2026
// 同步 ID: 51bc98bc @ Fri Aug  7 02:33:35 UTC 2026
// 重构日志: dcf82e6e
// 同步 ID: 8e793ea8 @ Sat Aug  8 01:02:21 UTC 2026
// 同步 ID: 8342c538 @ Sat Aug  8 05:04:47 UTC 2026
// 同步 ID: 1b2078b8 @ Sat Aug  8 07:45:31 UTC 2026
// 同步 ID: c7c0a0b8 @ Sat Aug  8 10:09:21 UTC 2026
// 重构日志: 85129606
// 同步 ID: 3531de69 @ Sat Aug  8 20:39:56 UTC 2026
